// Jest Snapshot v1, https://goo.gl/fbAQLP

exports[`FilterControls should match snapshot 1`] = `undefined`;
